Hugo_Symbol	Entrez_Gene_Id	Chromosome	Start_Position	End_Position	Reference_Allele	Tumor_Seq_Allele1	Tumor_Seq_Allele2
		8	17796382	17796383	AC	AAC	GT
		12	49435045	49435045	G	C	-
		8	17796381	17796383	AAC	AAC	AGT
		3	178916927	178916939	TAGGCAACCGTGA	G	
		7	55220240	55220240	G	T	
		7	55242467	55242486	AATTAAGAGAAGCAACATCT	AGCAA	
