Hugo_Symbol	Entrez_Gene_Id	Chromosome	Start_Position	End_Position	Reference_Allele	Tumor_Seq_Allele1
		3	178916927	178916939	TAGGCAACCGTGA	G
		7	55220240	55220240	G	T
		7	55242467	55242486	AATTAAGAGAAGCAACATCT	AGCAA
		5	178916927	178916939	TAGGCAACCGTGA	G
		6	55220240	55220240	G	T
		8	55242467	55242486	AATTAAGAGAAGCAACATCT	AGCAA
