#genome_nexus_version: 0-unknown-version-SNAPSHOT
#isoform: uniprot
Chromosome	Start_Position	End_Position	Reference_Allele	Tumor_Seq_Allele1	Annotation_Status
3	178916927	178916939	TAGGCAACCGTGA	G	SUCCESS
7	55220240	55220240	G	T	SUCCESS
7	55242468	55242486	ATTAAGAGAAGCAACATCT	AGCAA	SUCCESS
